// Jest Snapshot v1, https://goo.gl/fbAQLP

exports[`PostHeader snapshot test 1`] = `
Object {
  "asFragment": [Function],
  "baseElement": <body>
    <div>
      <div
        class="PostHeader undefined"
      >
        <div
          class="inner"
        >
          <div
            class="info"
            data-testid="PostHeader__title"
          >
            <p
              class="Paragraph sc-jRQAMF uRnSJ title"
            >
              post title
            </p>
            <div
              class="TagList sc-eCImvq fNyUIZ"
            >
              <ul
                class="list"
              >
                <li
                  class="item"
                >
                  <div
                    class="Tag sc-hKwCoD dloDGW"
                  >
                    <div
                      class="inner"
                    >
                      <span
                        class="text"
                      >
                        category01
                      </span>
                    </div>
                  </div>
                </li>
                <li
                  class="item"
                >
                  <div
                    class="Tag sc-hKwCoD dloDGW"
                  >
                    <div
                      class="inner"
                    >
                      <span
                        class="text"
                      >
                        specialty01
                      </span>
                    </div>
                  </div>
                </li>
              </ul>
            </div>
          </div>
          <div
            class="iconArea"
          >
            <div
              class="UserBlock sc-dkPtyc jpLAvs"
            >
              <div
                class="icon"
              >
                <a
                  href="/users/1"
                >
                  <div
                    class="UserIcon sc-bdvvaa clKduF userIcon"
                  >
                    <div
                      class="inner"
                    />
                  </div>
                </a>
              </div>
              <p
                class="name"
              >
                test user
              </p>
            </div>
          </div>
          <div
            class="date"
          >
            作成日: 
            2021-01-01
             / 更新日:
             
            2021-01-01
          </div>
        </div>
      </div>
    </div>
  </body>,
  "container": <div>
    <div
      class="PostHeader undefined"
    >
      <div
        class="inner"
      >
        <div
          class="info"
          data-testid="PostHeader__title"
        >
          <p
            class="Paragraph sc-jRQAMF uRnSJ title"
          >
            post title
          </p>
          <div
            class="TagList sc-eCImvq fNyUIZ"
          >
            <ul
              class="list"
            >
              <li
                class="item"
              >
                <div
                  class="Tag sc-hKwCoD dloDGW"
                >
                  <div
                    class="inner"
                  >
                    <span
                      class="text"
                    >
                      category01
                    </span>
                  </div>
                </div>
              </li>
              <li
                class="item"
              >
                <div
                  class="Tag sc-hKwCoD dloDGW"
                >
                  <div
                    class="inner"
                  >
                    <span
                      class="text"
                    >
                      specialty01
                    </span>
                  </div>
                </div>
              </li>
            </ul>
          </div>
        </div>
        <div
          class="iconArea"
        >
          <div
            class="UserBlock sc-dkPtyc jpLAvs"
          >
            <div
              class="icon"
            >
              <a
                href="/users/1"
              >
                <div
                  class="UserIcon sc-bdvvaa clKduF userIcon"
                >
                  <div
                    class="inner"
                  />
                </div>
              </a>
            </div>
            <p
              class="name"
            >
              test user
            </p>
          </div>
        </div>
        <div
          class="date"
        >
          作成日: 
          2021-01-01
           / 更新日:
           
          2021-01-01
        </div>
      </div>
    </div>
  </div>,
  "debug": [Function],
  "findAllByAltText": [Function],
  "findAllByDisplayValue": [Function],
  "findAllByLabelText": [Function],
  "findAllByPlaceholderText": [Function],
  "findAllByRole": [Function],
  "findAllByTestId": [Function],
  "findAllByText": [Function],
  "findAllByTitle": [Function],
  "findByAltText": [Function],
  "findByDisplayValue": [Function],
  "findByLabelText": [Function],
  "findByPlaceholderText": [Function],
  "findByRole": [Function],
  "findByTestId": [Function],
  "findByText": [Function],
  "findByTitle": [Function],
  "getAllByAltText": [Function],
  "getAllByDisplayValue": [Function],
  "getAllByLabelText": [Function],
  "getAllByPlaceholderText": [Function],
  "getAllByRole": [Function],
  "getAllByTestId": [Function],
  "getAllByText": [Function],
  "getAllByTitle": [Function],
  "getByAltText": [Function],
  "getByDisplayValue": [Function],
  "getByLabelText": [Function],
  "getByPlaceholderText": [Function],
  "getByRole": [Function],
  "getByTestId": [Function],
  "getByText": [Function],
  "getByTitle": [Function],
  "queryAllByAltText": [Function],
  "queryAllByDisplayValue": [Function],
  "queryAllByLabelText": [Function],
  "queryAllByPlaceholderText": [Function],
  "queryAllByRole": [Function],
  "queryAllByTestId": [Function],
  "queryAllByText": [Function],
  "queryAllByTitle": [Function],
  "queryByAltText": [Function],
  "queryByDisplayValue": [Function],
  "queryByLabelText": [Function],
  "queryByPlaceholderText": [Function],
  "queryByRole": [Function],
  "queryByTestId": [Function],
  "queryByText": [Function],
  "queryByTitle": [Function],
  "rerender": [Function],
  "unmount": [Function],
}
`;
